≡ƒöä Testing Laragon PostgreSQL connections...

Testing: Laragon - No password...
Connection: postgresql://postgres@localhost:5432/laporanKeuangan
Γ¥î Failed: role "postgres" does not exist

Testing: Laragon - Empty password...
Connection: postgresql://postgres:@localhost:5432/laporanKeuangan
Γ¥î Failed: role "postgres" does not exist

Testing: Laragon - Password: root...
Connection: postgresql://postgres:root@localhost:5432/laporanKeuangan
Γ¥î Failed: role "postgres" does not exist

Testing: Laragon - Port 5433...
Connection: postgresql://postgres@localhost:5433/laporanKeuangan
Γ¥î Failed: SASL: SCRAM-SERVER-FIRST-MESSAGE: client password must be a string

Testing: Laragon - Port 5433 + root...
Connection: postgresql://postgres:root@localhost:5433/laporanKeuangan

Γ£à Γ£à Γ£à SUCCESS! Γ£à Γ£à Γ£à
Working configuration: Laragon - Port 5433 + root

Connection string to use in .env:
DATABASE_URL="postgresql://postgres:root@localhost:5433/laporanKeuangan"

Database: laporanKeuangan
Version: PostgreSQL 17.5 on x86_64-windows
